// Jest Snapshot v1, https://goo.gl/fbAQLP

exports[`PopularMovies component renders error message when there is an error 1`] = `
<div>
  <div
    class="min-h-screen bg-gray-800 flex justify-center items-center"
  >
    <p
      class="text-white text-4xl font-semibold"
    >
      Loading...
    </p>
  </div>
</div>
`;

exports[`PopularMovies component renders loading message when isLoading is true 1`] = `
<div>
  <div
    class="min-h-screen bg-gray-800 flex justify-center items-center"
  >
    <p
      class="text-white text-4xl font-semibold"
    >
      Loading...
    </p>
  </div>
</div>
`;

exports[`PopularMovies component renders movies list when there are movies 1`] = `
<div>
  <div
    class="min-h-screen bg-gray-800 flex justify-center items-center"
  >
    <p
      class="text-white text-4xl font-semibold"
    >
      Loading...
    </p>
  </div>
</div>
`;
